kotlin version: 2.3.0
error message: java.lang.OutOfMemoryError: Java heap space
	at java.base/java.util.Arrays.copyOf(Arrays.java:3541)
	at java.base/java.lang.AbstractStringBuilder.ensureCapacityInternal(AbstractStringBuilder.java:242)
	at java.base/java.lang.AbstractStringBuilder.append(AbstractStringBuilder.java:587)
	at java.base/java.lang.StringBuilder.append(StringBuilder.java:179)
	at org.jetbrains.kotlin.load.kotlin.MemberSignature$Companion.fromMethodNameAndDesc(MemberSignature.kt:24)
	at org.jetbrains.kotlin.fir.java.deserialization.JvmBinaryAnnotationDeserializerKt$loadMemberAnnotations$1.visitMethod(JvmBinaryAnnotationDeserializer.kt:457)
	at org.jetbrains.kotlin.load.kotlin.FileBasedKotlinClass$4.visitMethod(FileBasedKotlinClass.java:251)
	at org.jetbrains.org.objectweb.asm.ClassReader.readMethod(ClassReader.java:1364)
	at org.jetbrains.org.objectweb.asm.ClassReader.accept(ClassReader.java:754)
	at org.jetbrains.org.objectweb.asm.ClassReader.accept(ClassReader.java:434)
	at org.jetbrains.kotlin.load.kotlin.FileBasedKotlinClass.visitMembers(FileBasedKotlinClass.java:230)
	at org.jetbrains.kotlin.fir.java.deserialization.JvmBinaryAnnotationDeserializerKt.loadMemberAnnotations(JvmBinaryAnnotationDeserializer.kt:455)
	at org.jetbrains.kotlin.fir.java.deserialization.JvmBinaryAnnotationDeserializerKt.access$loadMemberAnnotations(JvmBinaryAnnotationDeserializer.kt:1)
	at org.jetbrains.kotlin.fir.java.deserialization.JvmBinaryAnnotationDeserializer.annotationInfo_delegate$lambda$0(JvmBinaryAnnotationDeserializer.kt:52)
	at org.jetbrains.kotlin.fir.java.deserialization.JvmBinaryAnnotationDeserializer$$Lambda/0x0000007001793a18.invoke(Unknown Source)
	at kotlin.SafePublicationLazyImpl.getValue(LazyJVM.kt:125)
	at org.jetbrains.kotlin.fir.java.deserialization.JvmBinaryAnnotationDeserializer.getAnnotationInfo(JvmBinaryAnnotationDeserializer.kt:51)
	at org.jetbrains.kotlin.fir.java.deserialization.JvmBinaryAnnotationDeserializer.findJvmBinaryClassAndLoadMemberAnnotations(JvmBinaryAnnotationDeserializer.kt:433)
	at org.jetbrains.kotlin.fir.java.deserialization.JvmBinaryAnnotationDeserializer.findJvmBinaryClassAndLoadMemberAnnotations$default(JvmBinaryAnnotationDeserializer.kt:427)
	at org.jetbrains.kotlin.fir.java.deserialization.JvmBinaryAnnotationDeserializer.loadExtensionReceiverParameterAnnotations(JvmBinaryAnnotationDeserializer.kt:348)
	at org.jetbrains.kotlin.fir.deserialization.FirMemberDeserializer.loadFunction(FirMemberDeserializer.kt:624)
	at org.jetbrains.kotlin.fir.deserialization.FirMemberDeserializer.loadFunction$default(FirMemberDeserializer.kt:614)
	at org.jetbrains.kotlin.fir.deserialization.AbstractFirDeserializedSymbolProvider.loadFunctionsByCallableId(AbstractFirDeserializedSymbolProvider.kt:290)
	at org.jetbrains.kotlin.fir.deserialization.AbstractFirDeserializedSymbolProvider.access$loadFunctionsByCallableId(AbstractFirDeserializedSymbolProvider.kt:93)
	at org.jetbrains.kotlin.fir.deserialization.AbstractFirDeserializedSymbolProvider$special$$inlined$createCache$3.invoke(FirCachesFactory.kt:163)
	at org.jetbrains.kotlin.fir.deserialization.AbstractFirDeserializedSymbolProvider$special$$inlined$createCache$3.invoke(FirCachesFactory.kt:147)
	at org.jetbrains.kotlin.fir.caches.FirThreadUnsafeCache.getValue(FirThreadUnsafeCachesFactory.kt:57)
	at org.jetbrains.kotlin.fir.deserialization.AbstractFirDeserializedSymbolProvider.getCallables(AbstractFirDeserializedSymbolProvider.kt:462)
	at org.jetbrains.kotlin.fir.deserialization.AbstractFirDeserializedSymbolProvider.getTopLevelFunctionSymbolsTo(AbstractFirDeserializedSymbolProvider.kt:395)
	at org.jetbrains.kotlin.fir.resolve.providers.impl.FirCachingCompositeSymbolProvider.computeTopLevelFunctions(FirCachingCompositeSymbolProvider.kt:135)
	at org.jetbrains.kotlin.fir.resolve.providers.impl.FirCachingCompositeSymbolProvider.access$computeTopLevelFunctions(FirCachingCompositeSymbolProvider.kt:27)
	at org.jetbrains.kotlin.fir.resolve.providers.impl.FirCachingCompositeSymbolProvider$special$$inlined$createCache$3.invoke(FirCachesFactory.kt:163)


